Exception in thread "Thread-2" Exception in thread "Thread-0" java.lang.OutOfMemoryError: Java heap space
	at java.base/java.util.ArrayList.<init>(ArrayList.java:157)
	at knotjob.homology.oddkhov.OddComplex.clonePath(OddComplex.java:630)
	at knotjob.homology.oddkhov.OddComplex.clonePaths(OddComplex.java:625)
	at knotjob.homology.oddkhov.OddComplex.closeCircles(OddComplex.java:617)
	at knotjob.homology.oddkhov.OddComplex.createArrowsG(OddComplex.java:589)
	at knotjob.homology.oddkhov.OddStableComplex.createCone(OddStableComplex.java:207)
	at knotjob.homology.oddkhov.OddStableComplex.getNewObjects(OddStableComplex.java:164)
	at knotjob.homology.oddkhov.OddStableComplex.modifyComplex(OddStableComplex.java:142)
	at knotjob.stabletype.sinv.SqTwoOddInvariant.getComplex(SqTwoOddInvariant.java:110)
	at knotjob.stabletype.sinv.SqTwoOddInvariant.calculateSqTwo(SqTwoOddInvariant.java:92)
	at knotjob.stabletype.sinv.SqTwoOddInvariant.theSqTwoInvariant(SqTwoOddInvariant.java:88)
	at knotjob.stabletype.sinv.SqTwoOddInvariant.calculate(SqTwoOddInvariant.java:77)
	at knotjob.stabletype.sinv.SqTwoOddCalculator.performCalculation(SqTwoOddCalculator.java:88)
	at knotjob.Calculator.run(Calculator.java:56)
java.lang.OutOfMemoryError: Java heap space
	at knotjob.homology.evenkhov.EvenComplex.createNewMorphisms(EvenComplex.java:1190)
	at knotjob.homology.evenkhov.EvenStableComplex.deloopOneCircle(EvenStableComplex.java:321)
	at knotjob.homology.evenkhov.EvenStableComplex.deloopObjects(EvenStableComplex.java:272)
	at knotjob.homology.evenkhov.EvenStableComplex.getNewObjects(EvenStableComplex.java:197)
	at knotjob.homology.evenkhov.EvenStableComplex.modifyStableComplex(EvenStableComplex.java:172)
	at knotjob.stabletype.sinv.SqTwoInvariant.getComplex(SqTwoInvariant.java:105)
	at knotjob.stabletype.sinv.SqTwoInvariant.calculateSqTwo(SqTwoInvariant.java:88)
	at knotjob.stabletype.sinv.SqTwoInvariant.theSqTwoInvariant(SqTwoInvariant.java:84)
	at knotjob.stabletype.sinv.SqTwoInvariant.calculate(SqTwoInvariant.java:74)
	at knotjob.stabletype.sinv.SqTwoCalculator.performCalculation(SqTwoCalculator.java:103)
	at knotjob.Calculator.run(Calculator.java:56)
Exception in thread "Thread-1" java.lang.OutOfMemoryError: Java heap space
	at java.base/java.util.Arrays.copyOf(Arrays.java:3481)
	at java.base/java.util.ArrayList.grow(ArrayList.java:238)
	at java.base/java.util.ArrayList.grow(ArrayList.java:245)
	at java.base/java.util.ArrayList.add(ArrayList.java:516)
	at knotjob.homology.oddkhov.OddComplex.combine(OddComplex.java:438)
	at knotjob.homology.oddkhov.OddComplex.combinePaths(OddComplex.java:427)
	at knotjob.homology.oddkhov.OddComplex.closeCircles(OddComplex.java:619)
	at knotjob.homology.oddkhov.OddComplex.createArrowsG(OddComplex.java:589)
	at knotjob.homology.oddkhov.OddStableComplex.createCone(OddStableComplex.java:207)
	at knotjob.homology.oddkhov.OddStableComplex.getNewObjects(OddStableComplex.java:164)
	at knotjob.homology.oddkhov.OddStableComplex.modifyComplex(OddStableComplex.java:142)
	at knotjob.stabletype.sinv.SqTwoOddInvariant.getComplex(SqTwoOddInvariant.java:110)
	at knotjob.stabletype.sinv.SqTwoOddInvariant.calculateSqTwo(SqTwoOddInvariant.java:92)
	at knotjob.stabletype.sinv.SqTwoOddInvariant.theSqTwoInvariant(SqTwoOddInvariant.java:88)
	at knotjob.stabletype.sinv.SqTwoOddInvariant.calculate(SqTwoOddInvariant.java:77)
	at knotjob.stabletype.sinv.SqTwoOddCalculator.performCalculation(SqTwoOddCalculator.java:88)
	at knotjob.Calculator.run(Calculator.java:56)
