Exception in thread "Thread-0" java.lang.OutOfMemoryError: Java heap space
	at knotjob.homology.evenkhov.EvenComplex.adjustedCobordisms(EvenComplex.java:934)
	at knotjob.homology.evenkhov.EvenStableComplex.createTensor(EvenStableComplex.java:241)
	at knotjob.homology.evenkhov.EvenStableComplex.getNewObjects(EvenStableComplex.java:196)
	at knotjob.homology.evenkhov.EvenStableComplex.modifyStableComplex(EvenStableComplex.java:172)
	at knotjob.stabletype.sinv.SqTwoInvariant.getComplex(SqTwoInvariant.java:105)
	at knotjob.stabletype.sinv.SqTwoInvariant.calculateSqTwo(SqTwoInvariant.java:88)
	at knotjob.stabletype.sinv.SqTwoInvariant.theSqTwoInvariant(SqTwoInvariant.java:84)
	at knotjob.stabletype.sinv.SqTwoInvariant.calculate(SqTwoInvariant.java:74)
	at knotjob.stabletype.sinv.SqTwoCalculator.performCalculation(SqTwoCalculator.java:103)
	at knotjob.Calculator.run(Calculator.java:56)
Exception in thread "Thread-2" java.lang.OutOfMemoryError: Java heap space: failed reallocation of scalar replaced objects
	at java.base/java.util.ArrayList.grow(ArrayList.java:240)
	at java.base/java.util.ArrayList.grow(ArrayList.java:245)
	at java.base/java.util.ArrayList.add(ArrayList.java:484)
	at java.base/java.util.ArrayList.add(ArrayList.java:497)
	at knotjob.homology.oddkhov.OddComplex.createArrowsF(OddComplex.java:533)
	at knotjob.homology.oddkhov.OddStableComplex.createCone(OddStableComplex.java:206)
	at knotjob.homology.oddkhov.OddStableComplex.getNewObjects(OddStableComplex.java:164)
	at knotjob.homology.oddkhov.OddStableComplex.modifyComplex(OddStableComplex.java:142)
	at knotjob.stabletype.sinv.SqTwoOddInvariant.getComplex(SqTwoOddInvariant.java:110)
	at knotjob.stabletype.sinv.SqTwoOddInvariant.calculateSqTwo(SqTwoOddInvariant.java:92)
	at knotjob.stabletype.sinv.SqTwoOddInvariant.theSqTwoInvariant(SqTwoOddInvariant.java:88)
	at knotjob.stabletype.sinv.SqTwoOddInvariant.calculate(SqTwoOddInvariant.java:77)
	at knotjob.stabletype.sinv.SqTwoOddCalculator.performCalculation(SqTwoOddCalculator.java:88)
	at knotjob.Calculator.run(Calculator.java:56)
Exception in thread "Thread-1" java.lang.OutOfMemoryError: Java heap space
	at java.base/java.util.ArrayList.iterator(ArrayList.java:1030)
	at knotjob.homology.oddkhov.Chronology.<init>(Chronology.java:57)
	at knotjob.homology.oddkhov.OddComplex.createNewArrows(OddComplex.java:681)
	at knotjob.homology.oddkhov.OddStableComplex.noDeloop(OddStableComplex.java:244)
	at knotjob.homology.oddkhov.OddStableComplex.deloopGens(OddStableComplex.java:226)
	at knotjob.homology.oddkhov.OddStableComplex.getNewObjects(OddStableComplex.java:165)
	at knotjob.homology.oddkhov.OddStableComplex.modifyComplex(OddStableComplex.java:142)
	at knotjob.stabletype.sinv.SqTwoOddInvariant.getComplex(SqTwoOddInvariant.java:110)
	at knotjob.stabletype.sinv.SqTwoOddInvariant.calculateSqTwo(SqTwoOddInvariant.java:92)
	at knotjob.stabletype.sinv.SqTwoOddInvariant.theSqTwoInvariant(SqTwoOddInvariant.java:88)
	at knotjob.stabletype.sinv.SqTwoOddInvariant.calculate(SqTwoOddInvariant.java:77)
	at knotjob.stabletype.sinv.SqTwoOddCalculator.performCalculation(SqTwoOddCalculator.java:88)
	at knotjob.Calculator.run(Calculator.java:56)
