\BOOKMARK [1][-]{section.1}{\376\377\0001\000.\000\040\000I\000n\000t\000r\000o\000d\000u\000c\000t\000i\000o\000n}{}% 1
\BOOKMARK [2][-]{subsection.1.1}{\376\377\0001\000.\0001\000.\000\040\000O\000r\000g\000a\000n\000i\000z\000a\000t\000i\000o\000n\000\040\000o\000f\000\040\000t\000h\000e\000\040\000p\000a\000p\000e\000r}{section.1}% 2
\BOOKMARK [2][-]{subsection.1.2}{\376\377\0001\000.\0002\000.\000\040\000C\000o\000n\000v\000e\000n\000t\000i\000o\000n\000s}{section.1}% 3
\BOOKMARK [2][-]{subsection.1.3}{\376\377\0001\000.\0003\000.\000\040\000A\000c\000k\000n\000o\000w\000l\000e\000d\000g\000e\000m\000e\000n\000t\000s\000.}{section.1}% 4
\BOOKMARK [1][-]{section.2}{\376\377\0002\000.\000\040\000B\000P\000H\000-\000s\000l\000i\000c\000e\000\040\000k\000n\000o\000t\000s}{}% 5
\BOOKMARK [1][-]{section.3}{\376\377\0003\000.\000\040\000A\000\040\000g\000e\000n\000e\000r\000a\000l\000\040\000R\000B\000G\000\040\000c\000o\000n\000s\000t\000r\000u\000c\000t\000i\000o\000n}{}% 6
\BOOKMARK [2][-]{subsection.3.1}{\376\377\0003\000.\0001\000.\000\040\000R\000B\000G\000\040\000l\000i\000n\000k\000s}{section.3}% 7
\BOOKMARK [2][-]{subsection.3.2}{\376\377\0003\000.\0002\000.\000\040\000C\000o\000n\000s\000t\000r\000u\000c\000t\000i\000n\000g\000\040\000H\000-\000s\000l\000i\000c\000e\000\040\000k\000n\000o\000t\000s\000\040\000a\000n\000d\000\040\000c\000a\000n\000d\000i\000d\000a\000t\000e\000s\000\040\000f\000o\000r\000\040\000e\000x\000o\000t\000i\000c\000\040\000p\000a\000i\000r\000s}{section.3}% 8
\BOOKMARK [2][-]{subsection.3.3}{\376\377\0003\000.\0003\000.\000\040\000T\000r\000a\000c\000e\000\040\000h\000o\000m\000e\000o\000m\000o\000r\000p\000h\000i\000s\000m\000s}{section.3}% 9
\BOOKMARK [2][-]{subsection.3.4}{\376\377\0003\000.\0004\000.\000\040\000T\000r\000a\000c\000e\000\040\000d\000i\000f\000f\000e\000o\000m\000o\000r\000p\000h\000i\000s\000m\000s}{section.3}% 10
\BOOKMARK [1][-]{section.4}{\376\377\0004\000.\000\040\000S\000p\000e\000c\000i\000a\000l\000\040\000a\000n\000d\000\040\000s\000m\000a\000l\000l\000\040\000R\000B\000G\000\040\000l\000i\000n\000k\000s}{}% 11
\BOOKMARK [2][-]{subsection.4.1}{\376\377\0004\000.\0001\000.\000\040\000S\000p\000e\000c\000i\000a\000l\000\040\000R\000B\000G\000\040\000l\000i\000n\000k\000s}{section.4}% 12
\BOOKMARK [2][-]{subsection.4.2}{\376\377\0004\000.\0002\000.\000\040\000S\000m\000a\000l\000l\000\040\000R\000B\000G\000\040\000l\000i\000n\000k\000s}{section.4}% 13
\BOOKMARK [1][-]{section.5}{\376\377\0005\000.\000\040\000C\000o\000m\000p\000u\000t\000e\000r\000\040\000e\000x\000p\000e\000r\000i\000m\000e\000n\000t\000s}{}% 14
\BOOKMARK [2][-]{subsection.5.1}{\376\377\0005\000.\0001\000.\000\040\000A\000\040\000s\000i\000x\000-\000p\000a\000r\000a\000m\000e\000t\000e\000r\000\040\000f\000a\000m\000i\000l\000y\000\040\000o\000f\000\040\000R\000B\000G\000\040\000l\000i\000n\000k\000s}{section.5}% 15
\BOOKMARK [2][-]{subsection.5.2}{\376\377\0005\000.\0002\000.\000\040\000M\000e\000t\000h\000o\000d\000o\000l\000o\000g\000y}{section.5}% 16
\BOOKMARK [2][-]{subsection.5.3}{\376\377\0005\000.\0003\000.\000\040\000A\000n\000\040\000e\000x\000c\000l\000u\000s\000i\000o\000n}{section.5}% 17
\BOOKMARK [2][-]{subsection.5.4}{\376\377\0005\000.\0004\000.\000\040\000I\000n\000t\000e\000r\000e\000s\000t\000i\000n\000g\000\040\000e\000x\000a\000m\000p\000l\000e\000s}{section.5}% 18
\BOOKMARK [1][-]{section.6}{\376\377\0006\000.\000\040\000H\000o\000m\000o\000t\000o\000p\000y\000\040\0004\000-\000s\000p\000h\000e\000r\000e\000s\000\040\000f\000r\000o\000m\000\040\000a\000n\000n\000u\000l\000u\000s\000\040\000t\000w\000i\000s\000t\000i\000n\000g}{}% 19
\BOOKMARK [2][-]{subsection.6.1}{\376\377\0006\000.\0001\000.\000\040\000A\000n\000n\000u\000l\000u\000s\000\040\000t\000w\000i\000s\000t\000i\000n\000g}{section.6}% 20
\BOOKMARK [2][-]{subsection.6.2}{\376\377\0006\000.\0002\000.\000\040\000E\000x\000a\000m\000p\000l\000e\000s}{section.6}% 21
\BOOKMARK [2][-]{subsection.6.3}{\376\377\0006\000.\0003\000.\000\040\000H\000o\000m\000o\000t\000o\000p\000y\000\040\0004\000-\000s\000p\000h\000e\000r\000e\000s}{section.6}% 22
\BOOKMARK [1][-]{section.7}{\376\377\0007\000.\000\040\000C\000o\000n\000n\000e\000c\000t\000i\000o\000n\000s\000\040\000w\000i\000t\000h\000\040\000o\000t\000h\000e\000r\000\040\000c\000o\000n\000s\000t\000r\000u\000c\000t\000i\000o\000n\000s}{}% 23
\BOOKMARK [2][-]{subsection.7.1}{\376\377\0007\000.\0001\000.\000\040\000P\000r\000e\000l\000i\000m\000i\000n\000a\000r\000i\000e\000s}{section.7}% 24
\BOOKMARK [2][-]{subsection.7.2}{\376\377\0007\000.\0002\000.\000\040\000A\000n\000n\000u\000l\000u\000s\000\040\000t\000w\000i\000s\000t\000i\000n\000g}{section.7}% 25
\BOOKMARK [2][-]{subsection.7.3}{\376\377\0007\000.\0003\000.\000\040\000Y\000a\000s\000u\000i\000'\000s\000\040\000c\000o\000n\000s\000t\000r\000u\000c\000t\000i\000o\000n}{section.7}% 26
\BOOKMARK [2][-]{subsection.7.4}{\376\377\0007\000.\0004\000.\000\040\000D\000u\000a\000l\000i\000z\000a\000b\000l\000e\000\040\000p\000a\000t\000t\000e\000r\000n\000s}{section.7}% 27
\BOOKMARK [1][-]{section*.25}{\376\377\000R\000e\000f\000e\000r\000e\000n\000c\000e\000s}{}% 28
