Exception in thread "Thread-2" java.lang.OutOfMemoryError: Java heap space
	at java.base/java.util.ArrayList.<init>(ArrayList.java:157)
	at knotjob.homology.oddkhov.OddComplex.clonePath(OddComplex.java:630)
	at knotjob.homology.oddkhov.OddComplex.closeCircles(OddComplex.java:618)
	at knotjob.homology.oddkhov.OddComplex.createArrowsG(OddComplex.java:589)
	at knotjob.homology.oddkhov.OddStableComplex.createCone(OddStableComplex.java:207)
	at knotjob.homology.oddkhov.OddStableComplex.getNewObjects(OddStableComplex.java:164)
	at knotjob.homology.oddkhov.OddStableComplex.modifyComplex(OddStableComplex.java:142)
	at knotjob.stabletype.sinv.SqTwoOddInvariant.getComplex(SqTwoOddInvariant.java:110)
	at knotjob.stabletype.sinv.SqTwoOddInvariant.calculateSqTwo(SqTwoOddInvariant.java:92)
	at knotjob.stabletype.sinv.SqTwoOddInvariant.theSqTwoInvariant(SqTwoOddInvariant.java:88)
	at knotjob.stabletype.sinv.SqTwoOddInvariant.calculate(SqTwoOddInvariant.java:79)
	at knotjob.stabletype.sinv.SqTwoOddCalculator.performCalculation(SqTwoOddCalculator.java:88)
	at knotjob.Calculator.run(Calculator.java:56)
Exception in thread "Thread-1" java.lang.OutOfMemoryError: Java heap space
	at java.base/java.util.ArrayList.<init>(ArrayList.java:157)
	at knotjob.homology.oddkhov.OddComplex.clonePath(OddComplex.java:630)
	at knotjob.homology.oddkhov.OddComplex.obtainNewChronologies(OddComplex.java:708)
	at knotjob.homology.oddkhov.OddComplex.createNewArrows(OddComplex.java:690)
	at knotjob.homology.oddkhov.OddStableComplex.deloopOneCircle(OddStableComplex.java:270)
	at knotjob.homology.oddkhov.OddStableComplex.deloopGens(OddStableComplex.java:228)
	at knotjob.homology.oddkhov.OddStableComplex.getNewObjects(OddStableComplex.java:165)
	at knotjob.homology.oddkhov.OddStableComplex.modifyComplex(OddStableComplex.java:142)
	at knotjob.stabletype.sinv.SqTwoOddInvariant.getComplex(SqTwoOddInvariant.java:110)
	at knotjob.stabletype.sinv.SqTwoOddInvariant.calculateSqTwo(SqTwoOddInvariant.java:92)
	at knotjob.stabletype.sinv.SqTwoOddInvariant.theSqTwoInvariant(SqTwoOddInvariant.java:88)
	at knotjob.stabletype.sinv.SqTwoOddInvariant.calculate(SqTwoOddInvariant.java:79)
	at knotjob.stabletype.sinv.SqTwoOddCalculator.performCalculation(SqTwoOddCalculator.java:88)
	at knotjob.Calculator.run(Calculator.java:56)
Exception in thread "Thread-0" java.lang.OutOfMemoryError: Java heap space: failed reallocation of scalar replaced objects
	at java.base/java.util.ArrayList.grow(ArrayList.java:240)
	at java.base/java.util.ArrayList.grow(ArrayList.java:245)
	at java.base/java.util.ArrayList.add(ArrayList.java:484)
	at java.base/java.util.ArrayList.add(ArrayList.java:497)
	at knotjob.homology.evenkhov.EvenComplex.obtainNewCobordisms(EvenComplex.java:1453)
	at knotjob.homology.evenkhov.EvenComplex.createNewMorphisms(EvenComplex.java:1199)
	at knotjob.homology.evenkhov.EvenStableComplex.deloopTwoCircles(EvenStableComplex.java:385)
	at knotjob.homology.evenkhov.EvenStableComplex.deloopObjects(EvenStableComplex.java:275)
	at knotjob.homology.evenkhov.EvenStableComplex.getNewObjects(EvenStableComplex.java:197)
	at knotjob.homology.evenkhov.EvenStableComplex.modifyStableComplex(EvenStableComplex.java:172)
	at knotjob.stabletype.sinv.SqTwoInvariant.getComplex(SqTwoInvariant.java:105)
	at knotjob.stabletype.sinv.SqTwoInvariant.calculateSqTwo(SqTwoInvariant.java:88)
	at knotjob.stabletype.sinv.SqTwoInvariant.theSqTwoInvariant(SqTwoInvariant.java:84)
	at knotjob.stabletype.sinv.SqTwoInvariant.calculate(SqTwoInvariant.java:76)
	at knotjob.stabletype.sinv.SqTwoCalculator.performCalculation(SqTwoCalculator.java:103)
	at knotjob.Calculator.run(Calculator.java:56)
