Exception in thread "Thread-1" java.lang.OutOfMemoryError: Java heap space
	at knotjob.homology.oddkhov.OddComplex.clonePath(OddComplex.java:630)
	at knotjob.homology.oddkhov.OddComplex.clonePaths(OddComplex.java:625)
	at knotjob.homology.oddkhov.OddComplex.closeCircles(OddComplex.java:617)
	at knotjob.homology.oddkhov.OddComplex.createArrowsG(OddComplex.java:589)
	at knotjob.homology.oddkhov.OddStableComplex.createCone(OddStableComplex.java:207)
	at knotjob.homology.oddkhov.OddStableComplex.getNewObjects(OddStableComplex.java:164)
	at knotjob.homology.oddkhov.OddStableComplex.modifyComplex(OddStableComplex.java:142)
	at knotjob.stabletype.sinv.SqTwoOddInvariant.getComplex(SqTwoOddInvariant.java:110)
	at knotjob.stabletype.sinv.SqTwoOddInvariant.calculateSqTwo(SqTwoOddInvariant.java:92)
	at knotjob.stabletype.sinv.SqTwoOddInvariant.theSqTwoInvariant(SqTwoOddInvariant.java:88)
	at knotjob.stabletype.sinv.SqTwoOddInvariant.calculate(SqTwoOddInvariant.java:79)
	at knotjob.stabletype.sinv.SqTwoOddCalculator.performCalculation(SqTwoOddCalculator.java:88)
	at knotjob.Calculator.run(Calculator.java:56)
Exception in thread "Thread-2" java.lang.OutOfMemoryError: Java heap space
	at java.base/java.util.ArrayList.grow(ArrayList.java:240)
	at java.base/java.util.ArrayList.grow(ArrayList.java:245)
	at java.base/java.util.ArrayList.add(ArrayList.java:484)
	at java.base/java.util.ArrayList.add(ArrayList.java:497)
	at knotjob.homology.oddkhov.OddComplex.createArrowsG(OddComplex.java:608)
	at knotjob.homology.oddkhov.OddStableComplex.createCone(OddStableComplex.java:207)
	at knotjob.homology.oddkhov.OddStableComplex.getNewObjects(OddStableComplex.java:164)
	at knotjob.homology.oddkhov.OddStableComplex.modifyComplex(OddStableComplex.java:142)
	at knotjob.stabletype.sinv.SqTwoOddInvariant.getComplex(SqTwoOddInvariant.java:110)
	at knotjob.stabletype.sinv.SqTwoOddInvariant.calculateSqTwo(SqTwoOddInvariant.java:92)
	at knotjob.stabletype.sinv.SqTwoOddInvariant.theSqTwoInvariant(SqTwoOddInvariant.java:88)
	at knotjob.stabletype.sinv.SqTwoOddInvariant.calculate(SqTwoOddInvariant.java:79)
	at knotjob.stabletype.sinv.SqTwoOddCalculator.performCalculation(SqTwoOddCalculator.java:88)
	at knotjob.Calculator.run(Calculator.java:56)
Exception in thread "Thread-0" java.lang.OutOfMemoryError: Java heap space: failed reallocation of scalar replaced objects
