Exception in thread "Thread-8" java.lang.OutOfMemoryError: Java heap space
	at java.base/java.util.ArrayList.iterator(ArrayList.java:1030)
	at knotjob.homology.slthree.foam.Facet.sameAs(Facet.java:197)
	at knotjob.homology.slthree.foam.Facet.indexIn(Facet.java:186)
	at knotjob.homology.slthree.foam.Foam.matchFacets(Foam.java:288)
	at knotjob.homology.slthree.foam.Foam.sameAs(Foam.java:253)
	at knotjob.homology.slthree.SlTArrow.checkCombineFoams(SlTArrow.java:197)
	at knotjob.homology.slthree.SlThreeComplex.simplifyArrow(SlThreeComplex.java:531)
	at knotjob.homology.slthree.SlThreeComplex.combineFoams(SlThreeComplex.java:446)
	at knotjob.homology.slthree.SlThreeComplex.getNewFoams(SlThreeComplex.java:441)
	at knotjob.homology.slthree.SlThreeComplex.cancelObject(SlThreeComplex.java:417)
	at knotjob.homology.slthree.SlThreeComplex.gaussEliminate(SlThreeComplex.java:388)
	at knotjob.homology.slthree.SlThreeComplex.getNewGenerators(SlThreeComplex.java:364)
	at knotjob.homology.slthree.SlThreeComplex.modifyComplex(SlThreeComplex.java:267)
	at knotjob.homology.SpecSeqCalculation.modifyComplex(SpecSeqCalculation.java:90)
	at knotjob.homology.slthree.univ.SlTSInvariant.getComplex(SlTSInvariant.java:81)
	at knotjob.homology.slthree.univ.SlTSInvariant.calculate(SlTSInvariant.java:55)
	at knotjob.homology.slthree.univ.SlTSInvariantCalculator.performKnotCalculation(SlTSInvariantCalculator.java:96)
	at knotjob.homology.slthree.univ.SlTSInvariantCalculator.performCalculation(SlTSInvariantCalculator.java:74)
	at knotjob.Calculator.run(Calculator.java:56)
Exception in thread "Thread-4" java.lang.OutOfMemoryError: Java heap space
	at java.base/java.util.ArrayList.grow(ArrayList.java:240)
	at java.base/java.util.ArrayList.grow(ArrayList.java:245)
	at java.base/java.util.ArrayList.add(ArrayList.java:484)
	at java.base/java.util.ArrayList.add(ArrayList.java:497)
	at knotjob.homology.slthree.foam.Facet.reverse(Facet.java:179)
	at knotjob.homology.slthree.foam.Foam.reverse(Foam.java:160)
	at knotjob.homology.slthree.SlThreeComplex.zigZagFoams(SlThreeComplex.java:452)
	at knotjob.homology.slthree.SlThreeComplex.cancelObject(SlThreeComplex.java:416)
	at knotjob.homology.slthree.SlThreeComplex.gaussEliminate(SlThreeComplex.java:388)
	at knotjob.homology.slthree.SlThreeComplex.getNewGenerators(SlThreeComplex.java:364)
	at knotjob.homology.slthree.SlThreeComplex.modifyComplex(SlThreeComplex.java:267)
	at knotjob.homology.SpecSeqCalculation.modifyComplex(SpecSeqCalculation.java:90)
	at knotjob.homology.slthree.univ.SlTSInvariant.getComplex(SlTSInvariant.java:81)
	at knotjob.homology.slthree.univ.SlTSInvariant.calculate(SlTSInvariant.java:55)
	at knotjob.homology.slthree.univ.SlTSInvariantCalculator.performKnotCalculation(SlTSInvariantCalculator.java:96)
	at knotjob.homology.slthree.univ.SlTSInvariantCalculator.performCalculation(SlTSInvariantCalculator.java:74)
	at knotjob.Calculator.run(Calculator.java:56)
Exception in thread "Thread-5" Exception in thread "Thread-2" java.lang.OutOfMemoryError: Java heap space
java.lang.OutOfMemoryError: Java heap space
Exception in thread "Thread-1" java.lang.OutOfMemoryError: Java heap space
Exception in thread "Thread-6" Exception in thread "Thread-0" java.lang.OutOfMemoryError: Java heap space: failed reallocation of scalar replaced objects
java.lang.OutOfMemoryError: Java heap space
	at java.base/java.util.ArrayList.grow(ArrayList.java:240)
	at java.base/java.util.ArrayList.grow(ArrayList.java:245)
	at java.base/java.util.ArrayList.add(ArrayList.java:484)
	at java.base/java.util.ArrayList.add(ArrayList.java:497)
	at knotjob.homology.slthree.foam.Foam$EFCombo.newFacets(Foam.java:874)
	at knotjob.homology.slthree.foam.Foam.composeWith(Foam.java:299)
	at knotjob.homology.slthree.SlThreeComplex.zigZagFoams(SlThreeComplex.java:457)
	at knotjob.homology.slthree.SlThreeComplex.cancelObject(SlThreeComplex.java:416)
	at knotjob.homology.slthree.SlThreeComplex.gaussEliminate(SlThreeComplex.java:388)
	at knotjob.homology.slthree.SlThreeComplex.getNewGenerators(SlThreeComplex.java:364)
	at knotjob.homology.slthree.SlThreeComplex.modifyComplex(SlThreeComplex.java:267)
	at knotjob.homology.SpecSeqCalculation.modifyComplex(SpecSeqCalculation.java:90)
	at knotjob.homology.slthree.univ.SlTSInvariant.getComplex(SlTSInvariant.java:81)
	at knotjob.homology.slthree.univ.SlTSInvariant.calculate(SlTSInvariant.java:55)
	at knotjob.homology.slthree.univ.SlTSInvariantCalculator.performKnotCalculation(SlTSInvariantCalculator.java:96)
	at knotjob.homology.slthree.univ.SlTSInvariantCalculator.performCalculation(SlTSInvariantCalculator.java:74)
	at knotjob.Calculator.run(Calculator.java:56)
